  Determining projects to restore...
  All projects are up-to-date for restore.
D:\CodeShii\V-Notch\Services\MediaDetectionService.cs(619,37): warning CS8600: Converting null literal or possible null value to non-nullable type. [D:\CodeShii\V-Notch\V-Notch_d1pb5vwi_wpftmp.csproj]
D:\CodeShii\V-Notch\Services\MediaDetectionService.cs(622,48): warning CS8601: Possible null reference assignment. [D:\CodeShii\V-Notch\V-Notch_d1pb5vwi_wpftmp.csproj]
D:\CodeShii\V-Notch\Services\MediaDetectionService.cs(751,33): warning CS8602: Dereference of a possibly null reference. [D:\CodeShii\V-Notch\V-Notch_d1pb5vwi_wpftmp.csproj]
D:\CodeShii\V-Notch\Services\MediaDetectionService.cs(912,32): warning CS8602: Dereference of a possibly null reference. [D:\CodeShii\V-Notch\V-Notch_d1pb5vwi_wpftmp.csproj]
D:\CodeShii\V-Notch\Services\MediaDetectionService.cs(938,36): warning CS8602: Dereference of a possibly null reference. [D:\CodeShii\V-Notch\V-Notch_d1pb5vwi_wpftmp.csproj]
D:\CodeShii\V-Notch\MainWindow.Marquee.cs(16,30): warning CS0169: The field 'MainWindow._marqueeTimer' is never used [D:\CodeShii\V-Notch\V-Notch_d1pb5vwi_wpftmp.csproj]
D:\CodeShii\V-Notch\MainWindow.Animation.cs(147,30): warning CS0169: The field 'MainWindow._cachedThumbTranslateYExpand' is never used [D:\CodeShii\V-Notch\V-Notch_d1pb5vwi_wpftmp.csproj]
D:\CodeShii\V-Notch\MainWindow.Animation.cs(146,30): warning CS0169: The field 'MainWindow._cachedThumbTranslateXExpand' is never used [D:\CodeShii\V-Notch\V-Notch_d1pb5vwi_wpftmp.csproj]
D:\CodeShii\V-Notch\MainWindow.Animation.cs(153,30): warning CS0169: The field 'MainWindow._cachedThumbTranslateYCollapse' is never used [D:\CodeShii\V-Notch\V-Notch_d1pb5vwi_wpftmp.csproj]
D:\CodeShii\V-Notch\MainWindow.Animation.cs(152,30): warning CS0169: The field 'MainWindow._cachedThumbTranslateXCollapse' is never used [D:\CodeShii\V-Notch\V-Notch_d1pb5vwi_wpftmp.csproj]
D:\CodeShii\V-Notch\MainWindow.Media.cs(17,26): warning CS0169: The field 'MainWindow._activeThumbnailSource' is never used [D:\CodeShii\V-Notch\V-Notch_d1pb5vwi_wpftmp.csproj]
D:\CodeShii\V-Notch\MainWindow.Marquee.cs(17,20): warning CS0414: The field 'MainWindow._titleScrollOffset' is assigned but its value is never used [D:\CodeShii\V-Notch\V-Notch_d1pb5vwi_wpftmp.csproj]
D:\CodeShii\V-Notch\MainWindow.Marquee.cs(18,20): warning CS0414: The field 'MainWindow._artistScrollOffset' is assigned but its value is never used [D:\CodeShii\V-Notch\V-Notch_d1pb5vwi_wpftmp.csproj]
D:\CodeShii\V-Notch\MainWindow.Marquee.cs(22,18): warning CS0414: The field 'MainWindow._artistScrollForward' is assigned but its value is never used [D:\CodeShii\V-Notch\V-Notch_d1pb5vwi_wpftmp.csproj]
D:\CodeShii\V-Notch\MainWindow.Marquee.cs(21,18): warning CS0414: The field 'MainWindow._titleScrollForward' is assigned but its value is never used [D:\CodeShii\V-Notch\V-Notch_d1pb5vwi_wpftmp.csproj]
D:\CodeShii\V-Notch\Services\MediaDetectionService.cs(619,37): warning CS8600: Converting null literal or possible null value to non-nullable type. [D:\CodeShii\V-Notch\V-Notch.csproj]
D:\CodeShii\V-Notch\Services\MediaDetectionService.cs(622,48): warning CS8601: Possible null reference assignment. [D:\CodeShii\V-Notch\V-Notch.csproj]
D:\CodeShii\V-Notch\Services\MediaDetectionService.cs(751,33): warning CS8602: Dereference of a possibly null reference. [D:\CodeShii\V-Notch\V-Notch.csproj]
D:\CodeShii\V-Notch\Services\MediaDetectionService.cs(912,32): warning CS8602: Dereference of a possibly null reference. [D:\CodeShii\V-Notch\V-Notch.csproj]
D:\CodeShii\V-Notch\Services\MediaDetectionService.cs(938,36): warning CS8602: Dereference of a possibly null reference. [D:\CodeShii\V-Notch\V-Notch.csproj]
D:\CodeShii\V-Notch\MainWindow.Animation.cs(147,30): warning CS0169: The field 'MainWindow._cachedThumbTranslateYExpand' is never used [D:\CodeShii\V-Notch\V-Notch.csproj]
D:\CodeShii\V-Notch\MainWindow.Animation.cs(146,30): warning CS0169: The field 'MainWindow._cachedThumbTranslateXExpand' is never used [D:\CodeShii\V-Notch\V-Notch.csproj]
D:\CodeShii\V-Notch\MainWindow.Animation.cs(153,30): warning CS0169: The field 'MainWindow._cachedThumbTranslateYCollapse' is never used [D:\CodeShii\V-Notch\V-Notch.csproj]
D:\CodeShii\V-Notch\MainWindow.Animation.cs(152,30): warning CS0169: The field 'MainWindow._cachedThumbTranslateXCollapse' is never used [D:\CodeShii\V-Notch\V-Notch.csproj]
D:\CodeShii\V-Notch\MainWindow.Media.cs(17,26): warning CS0169: The field 'MainWindow._activeThumbnailSource' is never used [D:\CodeShii\V-Notch\V-Notch.csproj]
D:\CodeShii\V-Notch\MainWindow.Marquee.cs(16,30): warning CS0169: The field 'MainWindow._marqueeTimer' is never used [D:\CodeShii\V-Notch\V-Notch.csproj]
D:\CodeShii\V-Notch\MainWindow.Marquee.cs(18,20): warning CS0414: The field 'MainWindow._artistScrollOffset' is assigned but its value is never used [D:\CodeShii\V-Notch\V-Notch.csproj]
D:\CodeShii\V-Notch\MainWindow.Marquee.cs(21,18): warning CS0414: The field 'MainWindow._titleScrollForward' is assigned but its value is never used [D:\CodeShii\V-Notch\V-Notch.csproj]
D:\CodeShii\V-Notch\MainWindow.Marquee.cs(17,20): warning CS0414: The field 'MainWindow._titleScrollOffset' is assigned but its value is never used [D:\CodeShii\V-Notch\V-Notch.csproj]
D:\CodeShii\V-Notch\MainWindow.Marquee.cs(22,18): warning CS0414: The field 'MainWindow._artistScrollForward' is assigned but its value is never used [D:\CodeShii\V-Notch\V-Notch.csproj]
  V-Notch -> D:\CodeShii\V-Notch\bin\Debug\net8.0-windows10.0.19041.0\win-x64\V-Notch.dll

Build succeeded.

D:\CodeShii\V-Notch\Services\MediaDetectionService.cs(619,37): warning CS8600: Converting null literal or possible null value to non-nullable type. [D:\CodeShii\V-Notch\V-Notch_d1pb5vwi_wpftmp.csproj]
D:\CodeShii\V-Notch\Services\MediaDetectionService.cs(622,48): warning CS8601: Possible null reference assignment. [D:\CodeShii\V-Notch\V-Notch_d1pb5vwi_wpftmp.csproj]
D:\CodeShii\V-Notch\Services\MediaDetectionService.cs(751,33): warning CS8602: Dereference of a possibly null reference. [D:\CodeShii\V-Notch\V-Notch_d1pb5vwi_wpftmp.csproj]
D:\CodeShii\V-Notch\Services\MediaDetectionService.cs(912,32): warning CS8602: Dereference of a possibly null reference. [D:\CodeShii\V-Notch\V-Notch_d1pb5vwi_wpftmp.csproj]
D:\CodeShii\V-Notch\Services\MediaDetectionService.cs(938,36): warning CS8602: Dereference of a possibly null reference. [D:\CodeShii\V-Notch\V-Notch_d1pb5vwi_wpftmp.csproj]
D:\CodeShii\V-Notch\MainWindow.Marquee.cs(16,30): warning CS0169: The field 'MainWindow._marqueeTimer' is never used [D:\CodeShii\V-Notch\V-Notch_d1pb5vwi_wpftmp.csproj]
D:\CodeShii\V-Notch\MainWindow.Animation.cs(147,30): warning CS0169: The field 'MainWindow._cachedThumbTranslateYExpand' is never used [D:\CodeShii\V-Notch\V-Notch_d1pb5vwi_wpftmp.csproj]
D:\CodeShii\V-Notch\MainWindow.Animation.cs(146,30): warning CS0169: The field 'MainWindow._cachedThumbTranslateXExpand' is never used [D:\CodeShii\V-Notch\V-Notch_d1pb5vwi_wpftmp.csproj]
D:\CodeShii\V-Notch\MainWindow.Animation.cs(153,30): warning CS0169: The field 'MainWindow._cachedThumbTranslateYCollapse' is never used [D:\CodeShii\V-Notch\V-Notch_d1pb5vwi_wpftmp.csproj]
D:\CodeShii\V-Notch\MainWindow.Animation.cs(152,30): warning CS0169: The field 'MainWindow._cachedThumbTranslateXCollapse' is never used [D:\CodeShii\V-Notch\V-Notch_d1pb5vwi_wpftmp.csproj]
D:\CodeShii\V-Notch\MainWindow.Media.cs(17,26): warning CS0169: The field 'MainWindow._activeThumbnailSource' is never used [D:\CodeShii\V-Notch\V-Notch_d1pb5vwi_wpftmp.csproj]
D:\CodeShii\V-Notch\MainWindow.Marquee.cs(17,20): warning CS0414: The field 'MainWindow._titleScrollOffset' is assigned but its value is never used [D:\CodeShii\V-Notch\V-Notch_d1pb5vwi_wpftmp.csproj]
D:\CodeShii\V-Notch\MainWindow.Marquee.cs(18,20): warning CS0414: The field 'MainWindow._artistScrollOffset' is assigned but its value is never used [D:\CodeShii\V-Notch\V-Notch_d1pb5vwi_wpftmp.csproj]
D:\CodeShii\V-Notch\MainWindow.Marquee.cs(22,18): warning CS0414: The field 'MainWindow._artistScrollForward' is assigned but its value is never used [D:\CodeShii\V-Notch\V-Notch_d1pb5vwi_wpftmp.csproj]
D:\CodeShii\V-Notch\MainWindow.Marquee.cs(21,18): warning CS0414: The field 'MainWindow._titleScrollForward' is assigned but its value is never used [D:\CodeShii\V-Notch\V-Notch_d1pb5vwi_wpftmp.csproj]
D:\CodeShii\V-Notch\Services\MediaDetectionService.cs(619,37): warning CS8600: Converting null literal or possible null value to non-nullable type. [D:\CodeShii\V-Notch\V-Notch.csproj]
D:\CodeShii\V-Notch\Services\MediaDetectionService.cs(622,48): warning CS8601: Possible null reference assignment. [D:\CodeShii\V-Notch\V-Notch.csproj]
D:\CodeShii\V-Notch\Services\MediaDetectionService.cs(751,33): warning CS8602: Dereference of a possibly null reference. [D:\CodeShii\V-Notch\V-Notch.csproj]
D:\CodeShii\V-Notch\Services\MediaDetectionService.cs(912,32): warning CS8602: Dereference of a possibly null reference. [D:\CodeShii\V-Notch\V-Notch.csproj]
D:\CodeShii\V-Notch\Services\MediaDetectionService.cs(938,36): warning CS8602: Dereference of a possibly null reference. [D:\CodeShii\V-Notch\V-Notch.csproj]
D:\CodeShii\V-Notch\MainWindow.Animation.cs(147,30): warning CS0169: The field 'MainWindow._cachedThumbTranslateYExpand' is never used [D:\CodeShii\V-Notch\V-Notch.csproj]
D:\CodeShii\V-Notch\MainWindow.Animation.cs(146,30): warning CS0169: The field 'MainWindow._cachedThumbTranslateXExpand' is never used [D:\CodeShii\V-Notch\V-Notch.csproj]
D:\CodeShii\V-Notch\MainWindow.Animation.cs(153,30): warning CS0169: The field 'MainWindow._cachedThumbTranslateYCollapse' is never used [D:\CodeShii\V-Notch\V-Notch.csproj]
D:\CodeShii\V-Notch\MainWindow.Animation.cs(152,30): warning CS0169: The field 'MainWindow._cachedThumbTranslateXCollapse' is never used [D:\CodeShii\V-Notch\V-Notch.csproj]
D:\CodeShii\V-Notch\MainWindow.Media.cs(17,26): warning CS0169: The field 'MainWindow._activeThumbnailSource' is never used [D:\CodeShii\V-Notch\V-Notch.csproj]
D:\CodeShii\V-Notch\MainWindow.Marquee.cs(16,30): warning CS0169: The field 'MainWindow._marqueeTimer' is never used [D:\CodeShii\V-Notch\V-Notch.csproj]
D:\CodeShii\V-Notch\MainWindow.Marquee.cs(18,20): warning CS0414: The field 'MainWindow._artistScrollOffset' is assigned but its value is never used [D:\CodeShii\V-Notch\V-Notch.csproj]
D:\CodeShii\V-Notch\MainWindow.Marquee.cs(21,18): warning CS0414: The field 'MainWindow._titleScrollForward' is assigned but its value is never used [D:\CodeShii\V-Notch\V-Notch.csproj]
D:\CodeShii\V-Notch\MainWindow.Marquee.cs(17,20): warning CS0414: The field 'MainWindow._titleScrollOffset' is assigned but its value is never used [D:\CodeShii\V-Notch\V-Notch.csproj]
D:\CodeShii\V-Notch\MainWindow.Marquee.cs(22,18): warning CS0414: The field 'MainWindow._artistScrollForward' is assigned but its value is never used [D:\CodeShii\V-Notch\V-Notch.csproj]
    30 Warning(s)
    0 Error(s)

Time Elapsed 00:00:03.43
